../Core/Src/main.c:68:1:__io_putchar	16	static
../Core/Src/main.c:79:1:__io_getchar	16	static
../Core/Src/main.c:159:5:main	24	static
../Core/Src/main.c:294:6:SystemClock_Config	88	static
../Core/Src/main.c:349:13:MX_USART2_UART_Init	8	static
../Core/Src/main.c:382:13:MX_USART6_UART_Init	8	static
../Core/Src/main.c:415:13:MX_GPIO_Init	40	static
../Core/Src/main.c:447:6:StartServoControl	16	static
../Core/Src/main.c:466:6:StartUartPoll	32	static
../Core/Src/main.c:489:6:HAL_TIM_PeriodElapsedCallback	16	static
../Core/Src/main.c:506:6:Error_Handler	4	static,ignoring_inline_asm
