../Core/Src/main.c:73:1:__io_putchar	16	static
../Core/Src/main.c:84:1:__io_getchar	16	static
../Core/Src/main.c:113:6:servoOneStep	8	static
../Core/Src/main.c:121:6:servoSetClockwiseDirection	8	static
../Core/Src/main.c:126:6:servoSetCounterClockwiseDirection	8	static
../Core/Src/main.c:131:6:servoReverseDirection	8	static
../Core/Src/main.c:142:5:main	8	static
../Core/Src/main.c:232:6:SystemClock_Config	88	static
../Core/Src/main.c:287:13:MX_USART2_UART_Init	8	static
../Core/Src/main.c:320:13:MX_USART6_UART_Init	8	static
../Core/Src/main.c:353:13:MX_GPIO_Init	40	static
../Core/Src/main.c:385:6:StartServoControl	72	static
../Core/Src/main.c:455:6:StartUartPoll	32	static
../Core/Src/main.c:483:6:HAL_TIM_PeriodElapsedCallback	16	static
../Core/Src/main.c:500:6:Error_Handler	4	static,ignoring_inline_asm
